// Jest Snapshot v1, https://goo.gl/fbAQLP

exports[`returns first set of available numbers 1`] = `
Object {
  "code": 2000,
  "lineNumbers": Array [
    "0272055501",
    "0272064602",
    "0272060803",
    "0272062804",
    "0272065905",
    "0272066906",
    "0272067207",
    "0272075408",
    "0272055109",
    "0272064210",
    "0272060311",
    "0272062412",
    "0272065513",
    "0272066614",
    "0272067715",
    "0272075816",
  ],
  "message": "Success",
  "success": true,
}
`;
