// Jest Snapshot v1, https://goo.gl/fbAQLP

exports[`returns allowances from a given line number 1`] = `
Object {
  "dataStackAllowances": Array [],
  "entitlements": Array [
    Object {
      "description": "120GB included data",
      "detailedDescription": null,
      "displayPriority": null,
      "entitlementQuantityUnit": "GB",
      "id": "29357_M_DATA(WB)_120GB",
      "name": "Data",
      "quantity": 120,
      "subtype": null,
      "throttleMessage": null,
      "unlimited": false,
      "usageType": "Data",
    },
    Object {
      "description": "Data Lift",
      "detailedDescription": null,
      "displayPriority": null,
      "entitlementQuantityUnit": "GB",
      "id": "24226_M_DATA-WB-TIER_1_10GB",
      "name": "Data",
      "quantity": 10,
      "subtype": null,
      "throttleMessage": null,
      "unlimited": false,
      "usageType": "Data",
    },
    Object {
      "description": "500 minutes included voice",
      "detailedDescription": null,
      "displayPriority": null,
      "entitlementQuantityUnit": "MIN",
      "id": "29357_M_VOICE(WB)_500MIN",
      "name": "Voice",
      "quantity": 500,
      "subtype": null,
      "throttleMessage": null,
      "unlimited": false,
      "usageType": "Voice",
    },
    Object {
      "description": "unlimited texts",
      "detailedDescription": null,
      "displayPriority": null,
      "entitlementQuantityUnit": "TEXT",
      "id": "29357_M_TEXT(WB)_UNLIMITED",
      "name": "Text",
      "quantity": null,
      "subtype": null,
      "throttleMessage": null,
      "unlimited": true,
      "usageType": "Text",
    },
  ],
  "extras": Array [
    Object {
      "allowedCount": null,
      "availableCount": null,
      "billingFrequencyCode": "monthly",
      "billingFrequencyName": "Monthly",
      "contractRenewalType": "auto_renewing",
      "contractTermFrequency": "monthly",
      "contractTermNumber": 0,
      "countries": Array [],
      "displayPriority": null,
      "entitlements": Array [],
      "offerId": "legacy050114",
      "periodEndDate": null,
      "prepaidBasePlanValuePack": false,
      "price": 8,
      "priceType": "GST_EXEMPT",
      "productId": "VoFFeaturePack2003",
      "productInstanceId": "1-1MSNNLMR",
      "productName": "Connector Feature Pack",
      "renewable": true,
      "renewalFrequency": "Monthly",
      "renewalState": "OFF",
      "status": "ACTIVE",
      "subscriptionTermName": "1 Month contract - monthly billing",
      "subtype": "DOMESTIC",
      "type": "ServiceAddOn",
      "usageType": "Voice",
    },
  ],
  "rolloverDetails": null,
  "sharePlanDetails": null,
  "speedAllowances": null,
}
`;
