// Jest Snapshot v1, https://goo.gl/fbAQLP

exports[`successfully retrieves the content asset details for a tag.  1`] = `
Object {
  "assets": Array [
    Object {
      "content": Array [
        Object {
          "assetType": "TextContent",
          "format": "text",
          "linkName": "Find out how to top up your plan or buy extras.",
          "text": null,
          "type": "heading",
        },
        Object {
          "assetType": "CTA",
          "format": "cta",
          "linkName": "https://www.spark.co.nz/help/account/bill/account-fees/",
          "text": "Ways to top up",
          "type": "cta",
        },
        Object {
          "assetType": "TextContent",
          "format": "text",
          "linkName": "The Spark app is a handy way to manage your prepaid plan.",
          "text": null,
          "type": "heading",
        },
        Object {
          "assetType": "CTA",
          "format": "cta",
          "linkName": "https://www.spark.co.nz/help/mobile-data/getstarted/interest-free-mobile-phones-deferred-payments/",
          "text": "Set up the Spark app",
          "type": "cta",
        },
        Object {
          "assetType": "TextContent",
          "format": "text",
          "linkName": "Learn more about rollover data and minutes, and how it works with shared plans",
          "text": null,
          "type": "heading",
        },
        Object {
          "assetType": "CTA",
          "format": "cta",
          "linkName": "https://www.spark.co.nz/help/mobile-data/getstarted/interest-free-mobile-phones-deferred-payments/",
          "text": "Understand rollover",
          "type": "cta",
        },
      ],
    },
  ],
}
`;
