// Jest Snapshot v1, https://goo.gl/fbAQLP

exports[`returns success for fetching the rates roaming 1`] = `
Object {
  "roamingRates": Object {
    "destinations": Array [
      Object {
        "destinationCode": Object {
          "isoAlpha3": "AUS",
        },
        "destinationName": "Australia",
        "network": "4G",
        "rates": Array [
          Object {
            "accountType": "PREPAID",
            "data": "$10 per 200MB blocks of data per day up to 14 blocks then $0.50 per/MB",
            "dataOverage": "$0.50/MB",
            "moc": "$0.49/min Outgoing",
            "mtc": "$1/min Incoming",
            "text": "$0.80/text",
          },
          Object {
            "accountType": "POSTPAID",
            "data": "$10 per 200MB blocks of data per day up to 14 blocks then $0.50 per/MB",
            "dataOverage": "$0.50/MB",
            "moc": "$0.49/min Outgoing",
            "mtc": "$1/min Incoming",
            "text": "$0.80/text",
          },
        ],
        "zone": "Zone 5",
      },
      Object {
        "destinationCode": Object {
          "isoAlpha3": "VEN",
        },
        "destinationName": "Venezuela",
        "network": null,
        "rates": Array [
          Object {
            "accountType": "PREPAID",
            "data": "Not available",
            "dataOverage": "",
            "moc": "Not available",
            "mtc": "Not available",
            "text": "Not available",
          },
          Object {
            "accountType": "PREPAID",
            "data": "$10 per 200MB blocks of data per day up to 14 blocks then $1 per/MB",
            "dataOverage": "$1/MB",
            "moc": "$2.49/min Outgoing",
            "mtc": "$1/min Incoming",
            "text": "$0.80/text",
          },
        ],
        "zone": "Zone 5",
      },
      Object {
        "destinationCode": Object {
          "isoAlpha3": "URY",
        },
        "destinationName": "Uruguay",
        "network": null,
        "rates": Array [
          Object {
            "accountType": "PREPAID",
            "data": "Not available",
            "dataOverage": "",
            "moc": "Not available",
            "mtc": "Not available",
            "text": "Not available",
          },
          Object {
            "accountType": "PREPAID",
            "data": "$10 per 200MB blocks of data per day up to 14 blocks then $1 per/MB",
            "dataOverage": "$1/MB",
            "moc": "$2.49/min Outgoing",
            "mtc": "$1/min Incoming",
            "text": "$0.80/text",
          },
        ],
        "zone": "Zone 5",
      },
      Object {
        "destinationCode": Object {
          "isoAlpha3": "CAN",
        },
        "destinationName": "Canada",
        "network": null,
        "rates": Array [
          Object {
            "accountType": "PREPAID",
            "data": "Not available",
            "dataOverage": "",
            "moc": "Not available",
            "mtc": "Not available",
            "text": "Not available",
          },
          Object {
            "accountType": "PREPAID",
            "data": "$10 per 200MB blocks of data per day up to 14 blocks then $1 per/MB",
            "dataOverage": "$1/MB",
            "moc": "$2.49/min Outgoing",
            "mtc": "$1/min Incoming",
            "text": "$0.80/text",
          },
        ],
        "zone": "Zone 5",
      },
    ],
  },
}
`;
