// Jest Snapshot v1, https://goo.gl/fbAQLP

exports[`returns summary of all the lines 1`] = `
Array [
  Object {
    "accountNumber": "105336780",
    "balanceManagement": "POSTPAID",
    "lineNumber": "033478552",
    "offerId": "legacy050114",
    "offerName": "ADSL Broadband and Landline Unlimited Data - Open",
    "packageId": null,
    "parentLine": null,
    "secondaryLineNumbers": Array [
      "0272819459",
      "0272819859",
    ],
    "status": "Active",
    "type": "BROADBAND",
  },
  Object {
    "accountNumber": "1053367801",
    "balanceManagement": "PREPAID",
    "lineNumber": "033478553",
    "offerId": "legacy050114",
    "offerName": "ADSL Broadband and Landline Unlimited Data - Open",
    "packageId": null,
    "parentLine": null,
    "secondaryLineNumbers": Array [
      "0272819459",
      "0272819859",
    ],
    "status": "Active",
    "type": "BROADBAND",
  },
  Object {
    "accountNumber": "1053367801",
    "balanceManagement": "PREPAID",
    "lineNumber": "033227715",
    "offerId": "legacy050114",
    "offerName": "ADSL Broadband and Landline Unlimited Data - Open",
    "packageId": null,
    "parentLine": null,
    "secondaryLineNumbers": Array [
      "0272819459",
      "0272819859",
    ],
    "status": "Active",
    "type": "BROADBAND",
  },
  Object {
    "accountNumber": "369121518",
    "balanceManagement": "POSTPAID",
    "lineNumber": "0278675179",
    "offerId": "xyz123",
    "offerName": "ADSL Broadband and Landline Unlimited Data - Open",
    "packageId": null,
    "parentLine": null,
    "secondaryLineNumbers": Array [],
    "status": "Active",
    "type": "BROADBAND",
  },
  Object {
    "accountNumber": "431586312",
    "balanceManagement": "PREPAID",
    "lineNumber": "0276404520",
    "offerId": "legacy050114",
    "offerName": "ADSL Broadband and Landline Unlimited Data - Open",
    "packageId": null,
    "parentLine": null,
    "secondaryLineNumbers": Array [
      "0272819459",
      "0272819859",
    ],
    "status": "Active",
    "type": "BROADBAND",
  },
  Object {
    "accountNumber": "431586312",
    "balanceManagement": "POSTPAID",
    "lineNumber": "0211615249",
    "offerId": "legacy050114",
    "offerName": "ADSL Broadband and Landline Unlimited Data - Open",
    "packageId": null,
    "parentLine": null,
    "secondaryLineNumbers": Array [
      "0272819459",
      "0272819859",
    ],
    "status": "Active",
    "type": "BROADBAND",
  },
]
`;

exports[`returns summary of only broadband lines 1`] = `
Array [
  Object {
    "accountNumber": "105336780",
    "balanceManagement": "POSTPAID",
    "lineNumber": "033478552",
    "offerId": "legacy050114",
    "offerName": "ADSL Broadband and Landline Unlimited Data - Open",
    "packageId": null,
    "parentLine": null,
    "secondaryLineNumbers": Array [
      "0272819459",
      "0272819859",
    ],
    "status": "Active",
    "type": "BROADBAND",
  },
  Object {
    "accountNumber": "1053367801",
    "balanceManagement": "PREPAID",
    "lineNumber": "033478553",
    "offerId": "legacy050114",
    "offerName": "ADSL Broadband and Landline Unlimited Data - Open",
    "packageId": null,
    "parentLine": null,
    "secondaryLineNumbers": Array [
      "0272819459",
      "0272819859",
    ],
    "status": "Active",
    "type": "BROADBAND",
  },
  Object {
    "accountNumber": "1053367801",
    "balanceManagement": "PREPAID",
    "lineNumber": "033227715",
    "offerId": "legacy050114",
    "offerName": "ADSL Broadband and Landline Unlimited Data - Open",
    "packageId": null,
    "parentLine": null,
    "secondaryLineNumbers": Array [
      "0272819459",
      "0272819859",
    ],
    "status": "Active",
    "type": "BROADBAND",
  },
  Object {
    "accountNumber": "369121518",
    "balanceManagement": "POSTPAID",
    "lineNumber": "0278675179",
    "offerId": "xyz123",
    "offerName": "ADSL Broadband and Landline Unlimited Data - Open",
    "packageId": null,
    "parentLine": null,
    "secondaryLineNumbers": Array [],
    "status": "Active",
    "type": "BROADBAND",
  },
  Object {
    "accountNumber": "431586312",
    "balanceManagement": "PREPAID",
    "lineNumber": "0276404520",
    "offerId": "legacy050114",
    "offerName": "ADSL Broadband and Landline Unlimited Data - Open",
    "packageId": null,
    "parentLine": null,
    "secondaryLineNumbers": Array [
      "0272819459",
      "0272819859",
    ],
    "status": "Active",
    "type": "BROADBAND",
  },
  Object {
    "accountNumber": "431586312",
    "balanceManagement": "POSTPAID",
    "lineNumber": "0211615249",
    "offerId": "legacy050114",
    "offerName": "ADSL Broadband and Landline Unlimited Data - Open",
    "packageId": null,
    "parentLine": null,
    "secondaryLineNumbers": Array [
      "0272819459",
      "0272819859",
    ],
    "status": "Active",
    "type": "BROADBAND",
  },
]
`;
