// Jest Snapshot v1, https://goo.gl/fbAQLP

exports[`returns all the Usage Transaction when parameters for line Number of line 1`] = `
Object {
  "usageTransactions": Object {
    "transactions": Array [
      Object {
        "currentBalance": 32,
        "description": "$30.00 POLi payment",
        "endDateTime": "2020-02-10T23:32:31.000+13:00",
        "isDebit": false,
        "previousBalance": 2,
        "startDateTime": "2020-02-01T23:32:31.000+13:00",
        "transactionType": "PAYMENT",
        "type": "Payment",
        "value": 50,
      },
      Object {
        "currentBalance": 100,
        "description": "$30.00 POLi payment",
        "endDateTime": "2020-02-10T23:32:31.000+13:00",
        "isDebit": true,
        "previousBalance": 10,
        "startDateTime": "2020-02-02T23:32:31.000+13:00",
        "transactionType": "PAYMENT",
        "type": "Payment",
        "value": 30,
      },
      Object {
        "currentBalance": 32,
        "description": "$30.00 POLi payment",
        "endDateTime": "2020-02-10T23:32:31.000+13:00",
        "isDebit": false,
        "previousBalance": 2,
        "startDateTime": "2020-02-03T23:32:31.000+13:00",
        "transactionType": "PAYMENT",
        "type": "Payment",
        "value": 30,
      },
      Object {
        "currentBalance": 32,
        "description": "$90.00 POLi payment",
        "endDateTime": "2020-09-10T23:32:31.000+13:00",
        "isDebit": false,
        "previousBalance": 2,
        "startDateTime": "2020-07-04T23:32:31.000+13:00",
        "transactionType": "PAYMENT",
        "type": "Payment",
        "value": 90,
      },
      Object {
        "currentBalance": 57,
        "description": "$70.00 POLi payment",
        "endDateTime": "2020-04-10T23:32:31.000+13:00",
        "isDebit": true,
        "previousBalance": 2,
        "startDateTime": "2020-03-05T23:32:31.000+13:00",
        "transactionType": "PAYMENT",
        "type": "Payment",
        "value": 30,
      },
      Object {
        "currentBalance": 57,
        "description": "$70.00 POLi payment",
        "endDateTime": "2020-12-10T23:32:31.000+13:00",
        "isDebit": true,
        "previousBalance": 2,
        "startDateTime": "2020-09-06T23:32:31.000+13:00",
        "transactionType": "PAYMENT",
        "type": "Payment",
        "value": 30,
      },
      Object {
        "currentBalance": 57,
        "description": "$15.00 Poli payment",
        "endDateTime": "2020-12-10T23:32:31.000+13:00",
        "isDebit": true,
        "previousBalance": 2,
        "startDateTime": "2020-03-07T23:32:31.000+13:00",
        "transactionType": "PAYMENT",
        "type": "Payment",
        "value": 30,
      },
      Object {
        "currentBalance": 165,
        "description": "$70.00 POLi payment",
        "endDateTime": "2021-12-10T23:32:31.000+13:00",
        "isDebit": false,
        "previousBalance": 2,
        "startDateTime": "2020-12-08T23:32:31.000+13:00",
        "transactionType": "PAYMENT",
        "type": "Payment",
        "value": 30,
      },
      Object {
        "currentBalance": 65,
        "description": "$50.00 POLi payment",
        "endDateTime": "2020-12-10T23:32:31.000+13:00",
        "isDebit": true,
        "previousBalance": 2,
        "startDateTime": "2020-09-09T23:32:31.000+13:00",
        "transactionType": "PAYMENT",
        "type": "Payment",
        "value": 30,
      },
      Object {
        "currentBalance": 57,
        "description": "$70.00 POLi payment",
        "endDateTime": "2020-12-10T23:32:31.000+13:00",
        "isDebit": true,
        "previousBalance": 2,
        "startDateTime": "2020-09-10T23:32:31.000+13:00",
        "transactionType": "PAYMENT",
        "type": "Payment",
        "value": 30,
      },
      Object {
        "currentBalance": 75,
        "description": "$100.00 ANZ payment",
        "endDateTime": "2020-12-10T23:32:31.000+13:00",
        "isDebit": false,
        "previousBalance": 2,
        "startDateTime": "2020-09-11T23:32:31.000+13:00",
        "transactionType": "PAYMENT",
        "type": "Payment",
        "value": 30,
      },
      Object {
        "currentBalance": 86,
        "description": "$70.00 POLi payment",
        "endDateTime": "2020-12-10T23:32:31.000+13:00",
        "isDebit": false,
        "previousBalance": 2,
        "startDateTime": "2020-09-12T23:32:31.000+13:00",
        "transactionType": "PAYMENT",
        "type": "Payment",
        "value": 30,
      },
      Object {
        "currentBalance": 86,
        "description": "$70.00 POLi payment",
        "endDateTime": "2020-12-10T23:32:31.000+13:00",
        "isDebit": false,
        "previousBalance": 2,
        "startDateTime": "2020-09-13T23:32:31.000+13:00",
        "transactionType": "PAYMENT",
        "type": "Payment",
        "value": 30,
      },
      Object {
        "currentBalance": 86,
        "description": "$70.00 POLi payment",
        "endDateTime": "2020-12-10T23:32:31.000+13:00",
        "isDebit": false,
        "previousBalance": 2,
        "startDateTime": "2020-09-14T23:32:31.000+13:00",
        "transactionType": "PAYMENT",
        "type": "Payment",
        "value": 30,
      },
      Object {
        "currentBalance": 86,
        "description": "$70.00 POLi payment",
        "endDateTime": "2020-12-10T23:32:31.000+13:00",
        "isDebit": false,
        "previousBalance": 2,
        "startDateTime": "2020-09-15T23:32:31.000+13:00",
        "transactionType": "PAYMENT",
        "type": "Payment",
        "value": 30,
      },
      Object {
        "currentBalance": 86,
        "description": "$70.00 POLi payment",
        "endDateTime": "2020-12-10T23:32:31.000+13:00",
        "isDebit": false,
        "previousBalance": 2,
        "startDateTime": "2020-09-16T23:32:31.000+13:00",
        "transactionType": "PAYMENT",
        "type": "Payment",
        "value": 30,
      },
      Object {
        "currentBalance": 86,
        "description": "$70.00 POLi payment",
        "endDateTime": "2020-12-10T23:32:31.000+13:00",
        "isDebit": false,
        "previousBalance": 2,
        "startDateTime": "2020-09-17T23:32:31.000+13:00",
        "transactionType": "PAYMENT",
        "type": "Payment",
        "value": 30,
      },
    ],
  },
}
`;
