// Jest Snapshot v1, https://goo.gl/fbAQLP

exports[`returns all the Line Number for line  1`] = `
Object {
  "summary": Object {
    "accountNumber": "105336780",
    "balanceManagement": "POSTPAID",
    "lineNumber": "033478552",
    "offerId": "legacy050114",
    "offerName": "ADSL Broadband and Landline Unlimited Data - Open",
    "packageId": null,
    "parentLine": null,
    "secondaryLineNumbers": Array [
      "0272819459",
      "0272819859",
    ],
    "status": "Active",
    "type": "BROADBAND",
  },
}
`;
