// Jest Snapshot v1, https://goo.gl/fbAQLP

exports[`returns usage summary for list of lines  1`] = `
Array [
  Object {
    "displayName": null,
    "groupProfile": "LEADER",
    "lineNumber": "033227715",
    "messagePrimary": "You have",
    "messageSecondary": "\`\`1.6GB left.\`\`",
    "messageStatus": "IMPORTANT",
    "messageTertiary": "1.3GB expires in 5 days",
    "productIcon": "MOBILE_INFINITY",
    "topUpBuyExtra": "TOPUP",
  },
  Object {
    "displayName": "My prepaid line",
    "groupProfile": "sharer",
    "lineNumber": "0276404520",
    "messagePrimary": "Message",
    "messageSecondary": "Key call-out",
    "messageStatus": null,
    "messageTertiary": "Time to renew/expire",
    "productIcon": "BROADBAND",
    "topUpBuyExtra": null,
  },
  Object {
    "displayName": "My other prepaid",
    "groupProfile": null,
    "lineNumber": "0211615249",
    "messagePrimary": "Enjoy Unlimited Freedom",
    "messageSecondary": "2.03GB used.",
    "messageStatus": "IMPORTANT",
    "messageTertiary": "Expires in 36 hours",
    "productIcon": "BROADBAND",
    "topUpBuyExtra": null,
  },
  Object {
    "displayName": null,
    "groupProfile": null,
    "lineNumber": "0273215879",
    "messagePrimary": "Enjoy Unlimited Freedom",
    "messageSecondary": "2.03GB used.",
    "messageStatus": null,
    "messageTertiary": "Expires in 36 hours",
    "productIcon": "MOBILE",
    "topUpBuyExtra": null,
  },
  Object {
    "displayName": null,
    "groupProfile": null,
    "lineNumber": "0272651690",
    "messagePrimary": "Enjoy Unlimited Freedom",
    "messageSecondary": "2.03GB used.",
    "messageStatus": null,
    "messageTertiary": "Expires in 36 hours",
    "productIcon": "MOBILE",
    "topUpBuyExtra": null,
  },
  Object {
    "displayName": null,
    "groupProfile": null,
    "lineNumber": "033227716",
    "messagePrimary": "You have",
    "messageSecondary": "\`\`1.6GB left.\`\`",
    "messageStatus": "IMPORTANT",
    "messageTertiary": "1.3GB expires in 5 days",
    "productIcon": "MOBILE_INFINITY",
    "topUpBuyExtra": "BUYEXTRA",
  },
]
`;
